// Jest Snapshot v1, https://goo.gl/fbAQLP

exports[`RangeRail should render correctly 1`] = `
<div>
  <span
    class="rail"
  />
</div>
`;
